\BOOKMARK [0][]{chapter*.2}{\376\377\000L\000i\000s\000t\000a\000\040\000d\000e\000\040\000T\000a\000b\000l\000a\000s}{}% 1
\BOOKMARK [0][]{chapter*.3}{\376\377\000L\000i\000s\000t\000a\000\040\000d\000e\000\040\000F\000i\000g\000u\000r\000a\000s}{}% 2
\BOOKMARK [0][]{chapter*.4}{\376\377\000L\000i\000s\000t\000a\000\040\000d\000e\000\040\000F\000r\000a\000g\000m\000e\000n\000t\000o\000s\000\040\000d\000e\000\040\000C\000\363\000d\000i\000g\000o}{}% 3
\BOOKMARK [0][]{chapter.1}{\376\377\000I\000n\000t\000r\000o\000d\000u\000c\000c\000i\000\363\000n}{}% 4
\BOOKMARK [1][]{section.1.1}{\376\377\000P\000r\000o\000p\000\363\000s\000i\000t\000o\000\040\000d\000e\000l\000\040\000D\000o\000c\000u\000m\000e\000n\000t\000o}{chapter.1}% 5
\BOOKMARK [1][]{section.1.2}{\376\377\000A\000l\000c\000a\000n\000c\000e}{chapter.1}% 6
\BOOKMARK [2][]{subsection.1.2.1}{\376\377\000I\000n\000c\000l\000u\000i\000d\000o\000\040\000e\000n\000\040\000e\000s\000t\000e\000\040\000D\000o\000c\000u\000m\000e\000n\000t\000o}{section.1.2}% 7
\BOOKMARK [2][]{subsection.1.2.2}{\376\377\000F\000u\000e\000r\000a\000\040\000d\000e\000\040\000A\000l\000c\000a\000n\000c\000e}{section.1.2}% 8
\BOOKMARK [1][]{section.1.3}{\376\377\000A\000u\000d\000i\000e\000n\000c\000i\000a\000\040\000O\000b\000j\000e\000t\000i\000v\000o}{chapter.1}% 9
\BOOKMARK [1][]{section.1.4}{\376\377\000C\000o\000n\000t\000e\000x\000t\000o\000\040\000d\000e\000l\000\040\000P\000r\000o\000y\000e\000c\000t\000o}{chapter.1}% 10
\BOOKMARK [2][]{subsection.1.4.1}{\376\377\000P\000r\000o\000b\000l\000e\000m\000\341\000t\000i\000c\000a}{section.1.4}% 11
\BOOKMARK [2][]{subsection.1.4.2}{\376\377\000S\000o\000l\000u\000c\000i\000\363\000n\000\040\000P\000r\000o\000p\000u\000e\000s\000t\000a}{section.1.4}% 12
\BOOKMARK [2][]{subsection.1.4.3}{\376\377\000A\000r\000q\000u\000i\000t\000e\000c\000t\000u\000r\000a\000\040\000G\000e\000n\000e\000r\000a\000l\000\040\000d\000e\000l\000\040\000S\000i\000s\000t\000e\000m\000a}{section.1.4}% 13
\BOOKMARK [1][]{section.1.5}{\376\377\000V\000e\000r\000s\000i\000o\000n\000e\000s\000\040\000d\000e\000l\000\040\000S\000i\000s\000t\000e\000m\000a}{chapter.1}% 14
\BOOKMARK [0][]{chapter.2}{\376\377\000S\000t\000a\000c\000k\000\040\000T\000e\000c\000n\000o\000l\000\363\000g\000i\000c\000o}{}% 15
\BOOKMARK [1][]{section.2.1}{\376\377\000R\000u\000n\000t\000i\000m\000e\000\040\000y\000\040\000F\000r\000a\000m\000e\000w\000o\000r\000k\000\040\000P\000r\000i\000n\000c\000i\000p\000a\000l}{chapter.2}% 16
\BOOKMARK [2][]{subsection.2.1.1}{\376\377\000N\000o\000d\000e\000.\000j\000s}{section.2.1}% 17
\BOOKMARK [2][]{subsection.2.1.2}{\376\377\000E\000x\000p\000r\000e\000s\000s\000.\000j\000s}{section.2.1}% 18
\BOOKMARK [1][]{section.2.2}{\376\377\000B\000a\000s\000e\000\040\000d\000e\000\040\000D\000a\000t\000o\000s}{chapter.2}% 19
\BOOKMARK [2][]{subsection.2.2.1}{\376\377\000M\000y\000S\000Q\000L\000\040\0008\000.\0000}{section.2.2}% 20
\BOOKMARK [1][]{section.2.3}{\376\377\000D\000e\000p\000e\000n\000d\000e\000n\000c\000i\000a\000s\000\040\000d\000e\000\040\000P\000r\000o\000d\000u\000c\000c\000i\000\363\000n}{chapter.2}% 21
\BOOKMARK [1][]{section.2.4}{\376\377\000D\000e\000p\000e\000n\000d\000e\000n\000c\000i\000a\000s\000\040\000d\000e\000\040\000D\000e\000s\000a\000r\000r\000o\000l\000l\000o}{chapter.2}% 22
\BOOKMARK [1][]{section.2.5}{\376\377\000p\000a\000c\000k\000a\000g\000e\000.\000j\000s\000o\000n\000\040\000C\000o\000m\000p\000l\000e\000t\000o}{chapter.2}% 23
\BOOKMARK [1][]{section.2.6}{\376\377\000S\000t\000a\000c\000k\000\040\000O\000C\000R\000\040\000\050\000P\000y\000t\000h\000o\000n\000\051}{chapter.2}% 24
\BOOKMARK [1][]{section.2.7}{\376\377\000H\000e\000r\000r\000a\000m\000i\000e\000n\000t\000a\000s\000\040\000d\000e\000\040\000D\000e\000s\000a\000r\000r\000o\000l\000l\000o}{chapter.2}% 25
\BOOKMARK [0][]{chapter.3}{\376\377\000A\000r\000q\000u\000i\000t\000e\000c\000t\000u\000r\000a\000\040\000d\000e\000l\000\040\000B\000a\000c\000k\000e\000n\000d}{}% 26
\BOOKMARK [1][]{section.3.1}{\376\377\000P\000a\000t\000r\000\363\000n\000\040\000A\000r\000q\000u\000i\000t\000e\000c\000t\000\363\000n\000i\000c\000o}{chapter.3}% 27
\BOOKMARK [1][]{section.3.2}{\376\377\000E\000s\000t\000r\000u\000c\000t\000u\000r\000a\000\040\000d\000e\000\040\000C\000a\000r\000p\000e\000t\000a\000s\000\040\000C\000o\000m\000p\000l\000e\000t\000a}{chapter.3}% 28
\BOOKMARK [1][]{section.3.3}{\376\377\000D\000e\000s\000c\000r\000i\000p\000c\000i\000\363\000n\000\040\000d\000e\000\040\000M\000\363\000d\000u\000l\000o\000s\000\040\000P\000r\000i\000n\000c\000i\000p\000a\000l\000e\000s}{chapter.3}% 29
\BOOKMARK [1][]{section.3.4}{\376\377\000F\000l\000u\000j\000o\000\040\000d\000e\000\040\000u\000n\000a\000\040\000S\000o\000l\000i\000c\000i\000t\000u\000d\000\040\000H\000T\000T\000P}{chapter.3}% 30
\BOOKMARK [1][]{section.3.5}{\376\377\000F\000o\000r\000m\000a\000t\000o\000\040\000E\000s\000t\000\341\000n\000d\000a\000r\000\040\000d\000e\000\040\000R\000e\000s\000p\000u\000e\000s\000t\000a\000s}{chapter.3}% 31
\BOOKMARK [1][]{section.3.6}{\376\377\000F\000l\000u\000j\000o\000\040\000E\000s\000p\000e\000c\000i\000a\000l\000:\000\040\000E\000s\000c\000a\000n\000e\000o\000\040\000O\000C\000R\000\040\000d\000e\000\040\000T\000i\000c\000k\000e\000t}{chapter.3}% 32
\BOOKMARK [0][]{chapter.4}{\376\377\000D\000o\000c\000u\000m\000e\000n\000t\000a\000c\000i\000\363\000n\000\040\000d\000e\000\040\000E\000n\000d\000p\000o\000i\000n\000t\000s}{}% 33
\BOOKMARK [1][]{section.4.1}{\376\377\000A\000u\000t\000e\000n\000t\000i\000c\000a\000c\000i\000\363\000n\000\040\000\050\000/\000a\000p\000i\000/\000a\000u\000t\000h\000\051}{chapter.4}% 34
\BOOKMARK [2][]{subsection.4.1.1}{\376\377\000P\000O\000S\000T\000\040\000/\000a\000p\000i\000/\000a\000u\000t\000h\000/\000r\000e\000g\000i\000s\000t\000e\000r}{section.4.1}% 35
\BOOKMARK [2][]{subsection.4.1.2}{\376\377\000P\000O\000S\000T\000\040\000/\000a\000p\000i\000/\000a\000u\000t\000h\000/\000l\000o\000g\000i\000n}{section.4.1}% 36
\BOOKMARK [2][]{subsection.4.1.3}{\376\377\000P\000O\000S\000T\000\040\000/\000a\000p\000i\000/\000a\000u\000t\000h\000/\000l\000o\000g\000o\000u\000t}{section.4.1}% 37
\BOOKMARK [2][]{subsection.4.1.4}{\376\377\000G\000E\000T\000\040\000/\000a\000p\000i\000/\000a\000u\000t\000h\000/\000v\000e\000r\000i\000f\000y}{section.4.1}% 38
\BOOKMARK [2][]{subsection.4.1.5}{\376\377\000P\000U\000T\000\040\000/\000a\000p\000i\000/\000a\000u\000t\000h\000/\000c\000h\000a\000n\000g\000e\000-\000p\000a\000s\000s\000w\000o\000r\000d}{section.4.1}% 39
\BOOKMARK [1][]{section.4.2}{\376\377\000U\000s\000u\000a\000r\000i\000o\000s\000\040\000\050\000/\000a\000p\000i\000/\000u\000s\000e\000r\000s\000\051}{chapter.4}% 40
\BOOKMARK [2][]{subsection.4.2.1}{\376\377\000G\000E\000T\000\040\000/\000a\000p\000i\000/\000u\000s\000e\000r\000s\000/\000m\000e}{section.4.2}% 41
\BOOKMARK [2][]{subsection.4.2.2}{\376\377\000P\000U\000T\000\040\000/\000a\000p\000i\000/\000u\000s\000e\000r\000s\000/\000m\000e}{section.4.2}% 42
\BOOKMARK [2][]{subsection.4.2.3}{\376\377\000D\000E\000L\000E\000T\000E\000\040\000/\000a\000p\000i\000/\000u\000s\000e\000r\000s\000/\000m\000e}{section.4.2}% 43
\BOOKMARK [2][]{subsection.4.2.4}{\376\377\000P\000O\000S\000T\000\040\000/\000a\000p\000i\000/\000u\000s\000e\000r\000s\000/\000i\000n\000i\000t\000i\000a\000l\000-\000c\000o\000n\000f\000i\000g}{section.4.2}% 44
\BOOKMARK [2][]{subsection.4.2.5}{\376\377\000G\000E\000T\000\040\000/\000a\000p\000i\000/\000u\000s\000e\000r\000s\000/\000i\000n\000i\000t\000i\000a\000l\000-\000c\000o\000n\000f\000i\000g}{section.4.2}% 45
\BOOKMARK [1][]{section.4.3}{\376\377\000C\000a\000t\000e\000g\000o\000r\000\355\000a\000s\000\040\000\050\000/\000a\000p\000i\000/\000c\000a\000t\000e\000g\000o\000r\000i\000e\000s\000\051}{chapter.4}% 46
\BOOKMARK [2][]{subsection.4.3.1}{\376\377\000G\000E\000T\000\040\000/\000a\000p\000i\000/\000c\000a\000t\000e\000g\000o\000r\000i\000e\000s}{section.4.3}% 47
\BOOKMARK [2][]{subsection.4.3.2}{\376\377\000G\000E\000T\000\040\000/\000a\000p\000i\000/\000c\000a\000t\000e\000g\000o\000r\000i\000e\000s\000/\000:\000i\000d}{section.4.3}% 48
\BOOKMARK [2][]{subsection.4.3.3}{\376\377\000P\000O\000S\000T\000\040\000/\000a\000p\000i\000/\000c\000a\000t\000e\000g\000o\000r\000i\000e\000s}{section.4.3}% 49
\BOOKMARK [2][]{subsection.4.3.4}{\376\377\000P\000U\000T\000\040\000/\000a\000p\000i\000/\000c\000a\000t\000e\000g\000o\000r\000i\000e\000s\000/\000:\000i\000d}{section.4.3}% 50
\BOOKMARK [2][]{subsection.4.3.5}{\376\377\000D\000E\000L\000E\000T\000E\000\040\000/\000a\000p\000i\000/\000c\000a\000t\000e\000g\000o\000r\000i\000e\000s\000/\000:\000i\000d}{section.4.3}% 51
\BOOKMARK [1][]{section.4.4}{\376\377\000P\000r\000e\000s\000u\000p\000u\000e\000s\000t\000o\000s\000\040\000\050\000/\000a\000p\000i\000/\000b\000u\000d\000g\000e\000t\000s\000\051}{chapter.4}% 52
\BOOKMARK [2][]{subsection.4.4.1}{\376\377\000G\000E\000T\000\040\000/\000a\000p\000i\000/\000b\000u\000d\000g\000e\000t\000s}{section.4.4}% 53
\BOOKMARK [2][]{subsection.4.4.2}{\376\377\000G\000E\000T\000\040\000/\000a\000p\000i\000/\000b\000u\000d\000g\000e\000t\000s\000/\000c\000a\000t\000e\000g\000o\000r\000y\000/\000:\000c\000a\000t\000e\000g\000o\000r\000y\000I\000d}{section.4.4}% 54
\BOOKMARK [2][]{subsection.4.4.3}{\376\377\000P\000O\000S\000T\000\040\000/\000a\000p\000i\000/\000b\000u\000d\000g\000e\000t\000s}{section.4.4}% 55
\BOOKMARK [2][]{subsection.4.4.4}{\376\377\000P\000U\000T\000\040\000/\000a\000p\000i\000/\000b\000u\000d\000g\000e\000t\000s\000/\000:\000i\000d}{section.4.4}% 56
\BOOKMARK [2][]{subsection.4.4.5}{\376\377\000D\000E\000L\000E\000T\000E\000\040\000/\000a\000p\000i\000/\000b\000u\000d\000g\000e\000t\000s\000/\000:\000i\000d}{section.4.4}% 57
\BOOKMARK [1][]{section.4.5}{\376\377\000I\000n\000g\000r\000e\000s\000o\000s\000\040\000\050\000/\000a\000p\000i\000/\000i\000n\000c\000o\000m\000e\000s\000\051}{chapter.4}% 58
\BOOKMARK [2][]{subsection.4.5.1}{\376\377\000G\000E\000T\000\040\000/\000a\000p\000i\000/\000i\000n\000c\000o\000m\000e\000s}{section.4.5}% 59
\BOOKMARK [2][]{subsection.4.5.2}{\376\377\000G\000E\000T\000\040\000/\000a\000p\000i\000/\000i\000n\000c\000o\000m\000e\000s\000/\000t\000o\000t\000a\000l}{section.4.5}% 60
\BOOKMARK [2][]{subsection.4.5.3}{\376\377\000P\000O\000S\000T\000\040\000/\000a\000p\000i\000/\000i\000n\000c\000o\000m\000e\000s}{section.4.5}% 61
\BOOKMARK [2][]{subsection.4.5.4}{\376\377\000P\000U\000T\000\040\000/\000a\000p\000i\000/\000i\000n\000c\000o\000m\000e\000s\000/\000:\000i\000d\000\040\000y\000\040\000D\000E\000L\000E\000T\000E\000\040\000/\000a\000p\000i\000/\000i\000n\000c\000o\000m\000e\000s\000/\000:\000i\000d}{section.4.5}% 62
\BOOKMARK [1][]{section.4.6}{\376\377\000G\000a\000s\000t\000o\000s\000\040\000\050\000/\000a\000p\000i\000/\000e\000x\000p\000e\000n\000s\000e\000s\000\051}{chapter.4}% 63
\BOOKMARK [2][]{subsection.4.6.1}{\376\377\000G\000E\000T\000\040\000/\000a\000p\000i\000/\000e\000x\000p\000e\000n\000s\000e\000s}{section.4.6}% 64
\BOOKMARK [2][]{subsection.4.6.2}{\376\377\000G\000E\000T\000\040\000/\000a\000p\000i\000/\000e\000x\000p\000e\000n\000s\000e\000s\000/\000r\000e\000c\000e\000n\000t}{section.4.6}% 65
\BOOKMARK [2][]{subsection.4.6.3}{\376\377\000G\000E\000T\000\040\000/\000a\000p\000i\000/\000e\000x\000p\000e\000n\000s\000e\000s\000/\000c\000a\000t\000e\000g\000o\000r\000y\000/\000:\000c\000a\000t\000e\000g\000o\000r\000y\000I\000d}{section.4.6}% 66
\BOOKMARK [2][]{subsection.4.6.4}{\376\377\000P\000O\000S\000T\000\040\000/\000a\000p\000i\000/\000e\000x\000p\000e\000n\000s\000e\000s}{section.4.6}% 67
\BOOKMARK [2][]{subsection.4.6.5}{\376\377\000D\000E\000L\000E\000T\000E\000\040\000/\000a\000p\000i\000/\000e\000x\000p\000e\000n\000s\000e\000s\000/\000:\000i\000d}{section.4.6}% 68
\BOOKMARK [1][]{section.4.7}{\376\377\000T\000i\000c\000k\000e\000t\000s\000\040\000O\000C\000R\000\040\000\050\000/\000a\000p\000i\000/\000t\000i\000c\000k\000e\000t\000s\000\051}{chapter.4}% 69
\BOOKMARK [2][]{subsection.4.7.1}{\376\377\000P\000O\000S\000T\000\040\000/\000a\000p\000i\000/\000t\000i\000c\000k\000e\000t\000s\000/\000s\000c\000a\000n}{section.4.7}% 70
\BOOKMARK [2][]{subsection.4.7.2}{\376\377\000G\000E\000T\000\040\000/\000a\000p\000i\000/\000t\000i\000c\000k\000e\000t\000s}{section.4.7}% 71
\BOOKMARK [2][]{subsection.4.7.3}{\376\377\000G\000E\000T\000\040\000/\000a\000p\000i\000/\000t\000i\000c\000k\000e\000t\000s\000/\000:\000i\000d}{section.4.7}% 72
\BOOKMARK [2][]{subsection.4.7.4}{\376\377\000G\000E\000T\000\040\000/\000a\000p\000i\000/\000t\000i\000c\000k\000e\000t\000s\000/\000:\000i\000d\000/\000p\000r\000o\000d\000u\000c\000t\000s}{section.4.7}% 73
\BOOKMARK [2][]{subsection.4.7.5}{\376\377\000D\000E\000L\000E\000T\000E\000\040\000/\000a\000p\000i\000/\000t\000i\000c\000k\000e\000t\000s\000/\000:\000i\000d}{section.4.7}% 74
\BOOKMARK [1][]{section.4.8}{\376\377\000D\000e\000u\000d\000a\000s\000\040\000\050\000/\000a\000p\000i\000/\000d\000e\000b\000t\000s\000\051}{chapter.4}% 75
\BOOKMARK [2][]{subsection.4.8.1}{\376\377\000G\000E\000T\000\040\000/\000a\000p\000i\000/\000d\000e\000b\000t\000s}{section.4.8}% 76
\BOOKMARK [2][]{subsection.4.8.2}{\376\377\000P\000O\000S\000T\000\040\000/\000a\000p\000i\000/\000d\000e\000b\000t\000s}{section.4.8}% 77
\BOOKMARK [2][]{subsection.4.8.3}{\376\377\000P\000U\000T\000\040\000/\000a\000p\000i\000/\000d\000e\000b\000t\000s\000/\000:\000i\000d\000/\000p\000a\000y\000\040\040\024\000\040\000R\000e\000g\000i\000s\000t\000r\000a\000r\000\040\000P\000a\000g\000o}{section.4.8}% 78
\BOOKMARK [1][]{section.4.9}{\376\377\000A\000l\000e\000r\000t\000a\000s\000\040\000\050\000/\000a\000p\000i\000/\000a\000l\000e\000r\000t\000s\000\051}{chapter.4}% 79
\BOOKMARK [2][]{subsection.4.9.1}{\376\377\000G\000E\000T\000\040\000/\000a\000p\000i\000/\000a\000l\000e\000r\000t\000s\000/\000u\000n\000r\000e\000a\000d}{section.4.9}% 80
\BOOKMARK [2][]{subsection.4.9.2}{\376\377\000P\000U\000T\000\040\000/\000a\000p\000i\000/\000a\000l\000e\000r\000t\000s\000/\000m\000a\000r\000k\000-\000a\000l\000l\000-\000r\000e\000a\000d}{section.4.9}% 81
\BOOKMARK [2][]{subsection.4.9.3}{\376\377\000G\000E\000T\000\040\000/\000a\000p\000i\000/\000a\000l\000e\000r\000t\000s\000/\000c\000o\000n\000f\000i\000g\000\040\000y\000\040\000P\000U\000T\000\040\000/\000a\000p\000i\000/\000a\000l\000e\000r\000t\000s\000/\000c\000o\000n\000f\000i\000g}{section.4.9}% 82
\BOOKMARK [1][]{section.4.10}{\376\377\000D\000a\000s\000h\000b\000o\000a\000r\000d\000\040\000\050\000/\000a\000p\000i\000/\000d\000a\000s\000h\000b\000o\000a\000r\000d\000\051}{chapter.4}% 83
\BOOKMARK [2][]{subsection.4.10.1}{\376\377\000G\000E\000T\000\040\000/\000a\000p\000i\000/\000d\000a\000s\000h\000b\000o\000a\000r\000d\000/\000s\000u\000m\000m\000a\000r\000y}{section.4.10}% 84
\BOOKMARK [2][]{subsection.4.10.2}{\376\377\000G\000E\000T\000\040\000/\000a\000p\000i\000/\000d\000a\000s\000h\000b\000o\000a\000r\000d\000/\000c\000h\000a\000r\000t\000s\000/\000e\000x\000p\000e\000n\000s\000e\000s}{section.4.10}% 85
\BOOKMARK [2][]{subsection.4.10.3}{\376\377\000G\000E\000T\000\040\000/\000a\000p\000i\000/\000d\000a\000s\000h\000b\000o\000a\000r\000d\000/\000c\000h\000a\000r\000t\000s\000/\000b\000u\000d\000g\000e\000t\000s}{section.4.10}% 86
\BOOKMARK [0][]{chapter.5}{\376\377\000B\000a\000s\000e\000\040\000d\000e\000\040\000D\000a\000t\000o\000s}{}% 87
\BOOKMARK [1][]{section.5.1}{\376\377\000V\000i\000s\000i\000\363\000n\000\040\000G\000e\000n\000e\000r\000a\000l}{chapter.5}% 88
\BOOKMARK [1][]{section.5.2}{\376\377\000D\000e\000s\000c\000r\000i\000p\000c\000i\000\363\000n\000\040\000d\000e\000\040\000T\000a\000b\000l\000a\000s}{chapter.5}% 89
\BOOKMARK [2][]{subsection.5.2.1}{\376\377\000T\000a\000b\000l\000a\000:\000\040\000U\000s\000u\000a\000r\000i\000o\000s}{section.5.2}% 90
\BOOKMARK [2][]{subsection.5.2.2}{\376\377\000T\000a\000b\000l\000a\000:\000\040\000C\000a\000t\000e\000g\000o\000r\000i\000a\000s}{section.5.2}% 91
\BOOKMARK [2][]{subsection.5.2.3}{\376\377\000T\000a\000b\000l\000a\000:\000\040\000P\000r\000e\000s\000u\000p\000u\000e\000s\000t\000o\000s}{section.5.2}% 92
\BOOKMARK [2][]{subsection.5.2.4}{\376\377\000T\000a\000b\000l\000a\000:\000\040\000I\000n\000g\000r\000e\000s\000o\000s}{section.5.2}% 93
\BOOKMARK [2][]{subsection.5.2.5}{\376\377\000T\000a\000b\000l\000a\000:\000\040\000G\000a\000s\000t\000o\000s}{section.5.2}% 94
\BOOKMARK [2][]{subsection.5.2.6}{\376\377\000T\000a\000b\000l\000a\000:\000\040\000T\000i\000c\000k\000e\000t\000s}{section.5.2}% 95
\BOOKMARK [2][]{subsection.5.2.7}{\376\377\000T\000a\000b\000l\000a\000:\000\040\000P\000r\000o\000d\000u\000c\000t\000o\000s\000\137\000T\000i\000c\000k\000e\000t\000s}{section.5.2}% 96
\BOOKMARK [2][]{subsection.5.2.8}{\376\377\000T\000a\000b\000l\000a\000:\000\040\000D\000e\000u\000d\000a\000s}{section.5.2}% 97
\BOOKMARK [2][]{subsection.5.2.9}{\376\377\000T\000a\000b\000l\000a\000:\000\040\000A\000l\000e\000r\000t\000a\000s}{section.5.2}% 98
\BOOKMARK [2][]{subsection.5.2.10}{\376\377\000T\000a\000b\000l\000a\000:\000\040\000C\000o\000n\000f\000i\000g\000u\000r\000a\000c\000i\000o\000n\000\137\000N\000o\000t\000i\000f\000i\000c\000a\000c\000i\000o\000n\000e\000s}{section.5.2}% 99
\BOOKMARK [2][]{subsection.5.2.11}{\376\377\000T\000a\000b\000l\000a\000:\000\040\000C\000o\000n\000f\000i\000g\000u\000r\000a\000c\000i\000o\000n\000\137\000I\000n\000i\000c\000i\000a\000l}{section.5.2}% 100
\BOOKMARK [1][]{section.5.3}{\376\377\000T\000r\000i\000g\000g\000e\000r\000s\000\040\000A\000u\000t\000o\000m\000\341\000t\000i\000c\000o\000s}{chapter.5}% 101
\BOOKMARK [2][]{subsection.5.3.1}{\376\377\000T\000r\000i\000g\000g\000e\000r\000:\000\040\000a\000c\000t\000u\000a\000l\000i\000z\000a\000r\000\137\000p\000r\000e\000s\000u\000p\000u\000e\000s\000t\000o\000\137\000g\000a\000s\000t\000o}{section.5.3}% 102
\BOOKMARK [2][]{subsection.5.3.2}{\376\377\000T\000r\000i\000g\000g\000e\000r\000:\000\040\000v\000e\000r\000i\000f\000i\000c\000a\000r\000\137\000p\000r\000e\000s\000u\000p\000u\000e\000s\000t\000o\000\137\000e\000x\000c\000e\000d\000i\000d\000o}{section.5.3}% 103
\BOOKMARK [1][]{section.5.4}{\376\377\000D\000i\000a\000g\000r\000a\000m\000a\000\040\000E\000n\000t\000i\000d\000a\000d\000-\000R\000e\000l\000a\000c\000i\000\363\000n}{chapter.5}% 104
\BOOKMARK [0][]{chapter.6}{\376\377\000A\000u\000t\000e\000n\000t\000i\000c\000a\000c\000i\000\363\000n\000\040\000y\000\040\000S\000e\000g\000u\000r\000i\000d\000a\000d}{}% 105
\BOOKMARK [1][]{section.6.1}{\376\377\000E\000s\000t\000r\000a\000t\000e\000g\000i\000a\000\040\000d\000e\000\040\000A\000u\000t\000e\000n\000t\000i\000c\000a\000c\000i\000\363\000n}{chapter.6}% 106
\BOOKMARK [2][]{subsection.6.1.1}{\376\377\000J\000S\000O\000N\000\040\000W\000e\000b\000\040\000T\000o\000k\000e\000n\000\040\000\050\000J\000W\000T\000\051}{section.6.1}% 107
\BOOKMARK [2][]{subsection.6.1.2}{\376\377\000H\000a\000s\000h\000\040\000d\000e\000\040\000C\000o\000n\000t\000r\000a\000s\000e\000\361\000a\000s\000\040\000c\000o\000n\000\040\000b\000c\000r\000y\000p\000t}{section.6.1}% 108
\BOOKMARK [1][]{section.6.2}{\376\377\000M\000i\000d\000d\000l\000e\000w\000a\000r\000e\000\040\000d\000e\000\040\000A\000u\000t\000e\000n\000t\000i\000c\000a\000c\000i\000\363\000n}{chapter.6}% 109
\BOOKMARK [1][]{section.6.3}{\376\377\000V\000a\000l\000i\000d\000a\000c\000i\000\363\000n\000\040\000d\000e\000\040\000I\000n\000p\000u\000t\000s\000\040\000c\000o\000n\000\040\000e\000x\000p\000r\000e\000s\000s\000-\000v\000a\000l\000i\000d\000a\000t\000o\000r}{chapter.6}% 110
\BOOKMARK [1][]{section.6.4}{\376\377\000S\000a\000n\000i\000t\000i\000z\000a\000c\000i\000\363\000n\000\040\000d\000e\000\040\000I\000n\000p\000u\000t\000s}{chapter.6}% 111
\BOOKMARK [1][]{section.6.5}{\376\377\000R\000a\000t\000e\000\040\000L\000i\000m\000i\000t\000i\000n\000g}{chapter.6}% 112
\BOOKMARK [1][]{section.6.6}{\376\377\000H\000e\000a\000d\000e\000r\000s\000\040\000d\000e\000\040\000S\000e\000g\000u\000r\000i\000d\000a\000d}{chapter.6}% 113
\BOOKMARK [1][]{section.6.7}{\376\377\000P\000r\000e\000v\000e\000n\000c\000i\000\363\000n\000\040\000d\000e\000\040\000I\000n\000y\000e\000c\000c\000i\000\363\000n\000\040\000S\000Q\000L}{chapter.6}% 114
\BOOKMARK [1][]{section.6.8}{\376\377\000R\000e\000s\000u\000m\000e\000n\000\040\000d\000e\000\040\000M\000e\000d\000i\000d\000a\000s\000\040\000d\000e\000\040\000S\000e\000g\000u\000r\000i\000d\000a\000d}{chapter.6}% 115
\BOOKMARK [0][]{chapter.7}{\376\377\000D\000e\000c\000i\000s\000i\000o\000n\000e\000s\000\040\000d\000e\000\040\000D\000i\000s\000e\000\361\000o\000\040\000T\000\351\000c\000n\000i\000c\000o}{}% 116
\BOOKMARK [1][]{section.7.1}{\376\377\000\277\000P\000o\000r\000\040\000q\000u\000\351\000\040\000N\000o\000d\000e\000.\000j\000s\000?}{chapter.7}% 117
\BOOKMARK [1][]{section.7.2}{\376\377\000\277\000P\000o\000r\000\040\000q\000u\000\351\000\040\000E\000x\000p\000r\000e\000s\000s\000.\000j\000s\000?}{chapter.7}% 118
\BOOKMARK [1][]{section.7.3}{\376\377\000\277\000P\000o\000r\000\040\000q\000u\000\351\000\040\000M\000y\000S\000Q\000L\000?}{chapter.7}% 119
\BOOKMARK [1][]{section.7.4}{\376\377\000\277\000P\000o\000r\000\040\000q\000u\000\351\000\040\000b\000c\000r\000y\000p\000t\000?}{chapter.7}% 120
\BOOKMARK [1][]{section.7.5}{\376\377\000\277\000P\000o\000r\000\040\000q\000u\000\351\000\040\000A\000r\000q\000u\000i\000t\000e\000c\000t\000u\000r\000a\000\040\000p\000o\000r\000\040\000C\000a\000p\000a\000s\000\040\000y\000\040\000n\000o\000\040\000C\000l\000e\000a\000n\000\040\000A\000r\000c\000h\000i\000t\000e\000c\000t\000u\000r\000e\000?}{chapter.7}% 121
\BOOKMARK [1][]{section.7.6}{\376\377\000D\000e\000c\000i\000s\000i\000\363\000n\000\040\000d\000e\000\040\000O\000C\000R\000:\000\040\000P\000y\000t\000h\000o\000n\000\040\000s\000o\000b\000r\000e\000\040\000N\000o\000d\000e\000.\000j\000s}{chapter.7}% 122
\BOOKMARK [0][]{chapter.8}{\376\377\000I\000n\000t\000e\000g\000r\000a\000c\000i\000\363\000n\000\040\000c\000o\000n\000\040\000F\000r\000o\000n\000t\000e\000n\000d}{}% 123
\BOOKMARK [1][]{section.8.1}{\376\377\000C\000o\000n\000t\000e\000x\000t\000o\000\040\000d\000e\000\040\000I\000n\000t\000e\000g\000r\000a\000c\000i\000\363\000n}{chapter.8}% 124
\BOOKMARK [1][]{section.8.2}{\376\377\000C\000o\000n\000f\000i\000g\000u\000r\000a\000c\000i\000\363\000n\000\040\000C\000O\000R\000S}{chapter.8}% 125
\BOOKMARK [1][]{section.8.3}{\376\377\000C\000o\000n\000s\000u\000m\000o\000\040\000d\000e\000s\000d\000e\000\040\000l\000a\000\040\000A\000p\000p\000\040\000M\000\363\000v\000i\000l\000\040\000F\000l\000u\000t\000t\000e\000r}{chapter.8}% 126
\BOOKMARK [2][]{subsection.8.3.1}{\376\377\000A\000u\000t\000e\000n\000t\000i\000c\000a\000c\000i\000\363\000n\000\040\000y\000\040\000A\000l\000m\000a\000c\000e\000n\000a\000m\000i\000e\000n\000t\000o\000\040\000d\000e\000l\000\040\000T\000o\000k\000e\000n}{section.8.3}% 127
\BOOKMARK [2][]{subsection.8.3.2}{\376\377\000R\000e\000q\000u\000e\000s\000t\000\040\000A\000u\000t\000e\000n\000t\000i\000c\000a\000d\000o\000\040\000E\000s\000t\000\341\000n\000d\000a\000r}{section.8.3}% 128
\BOOKMARK [2][]{subsection.8.3.3}{\376\377\000S\000u\000b\000i\000d\000a\000\040\000d\000e\000\040\000I\000m\000a\000g\000e\000n\000\040\000p\000a\000r\000a\000\040\000O\000C\000R}{section.8.3}% 129
\BOOKMARK [1][]{section.8.4}{\376\377\000M\000a\000n\000e\000j\000o\000\040\000d\000e\000\040\000E\000r\000r\000o\000r\000e\000s\000\040\000d\000e\000s\000d\000e\000\040\000e\000l\000\040\000C\000l\000i\000e\000n\000t\000e}{chapter.8}% 130
\BOOKMARK [1][]{section.8.5}{\376\377\000F\000o\000r\000m\000a\000t\000o\000\040\000d\000e\000\040\000F\000e\000c\000h\000a\000s}{chapter.8}% 131
\BOOKMARK [1][]{section.8.6}{\376\377\000U\000R\000L\000\040\000B\000a\000s\000e\000\040\000d\000e\000\040\000l\000a\000\040\000A\000P\000I}{chapter.8}% 132
\BOOKMARK [0][]{chapter.9}{\376\377\000H\000i\000s\000t\000o\000r\000i\000a\000l\000\040\000d\000e\000\040\000V\000e\000r\000s\000i\000o\000n\000e\000s}{}% 133
\BOOKMARK [1][]{section.9.1}{\376\377\000V\000e\000r\000s\000i\000\363\000n\000\040\0004\000.\0000\000.\0000\000\040\000\050\000M\000a\000r\000z\000o\000\040\0002\0000\0002\0006\000\051}{chapter.9}% 134
\BOOKMARK [1][]{section.9.2}{\376\377\000V\000e\000r\000s\000i\000\363\000n\000\040\0003\000.\0000\000.\0000\000\040\000\050\000F\000e\000b\000r\000e\000r\000o\000\040\0002\0000\0002\0006\000\051}{chapter.9}% 135
\BOOKMARK [1][]{section.9.3}{\376\377\000V\000e\000r\000s\000i\000\363\000n\000\040\0002\000.\0000\000.\0000\000\040\000\050\000F\000e\000b\000r\000e\000r\000o\000\040\0002\0000\0002\0006\000\051}{chapter.9}% 136
\BOOKMARK [1][]{section.9.4}{\376\377\000V\000e\000r\000s\000i\000\363\000n\000\040\0001\000.\0000\000.\0000\000\040\000\050\000E\000n\000e\000r\000o\000\040\0002\0000\0002\0006\000\051}{chapter.9}% 137
\BOOKMARK [1][]{section.9.5}{\376\377\000R\000o\000a\000d\000m\000a\000p\000\040\000F\000u\000t\000u\000r\000o}{chapter.9}% 138
\BOOKMARK [0][]{chapter*.14}{\376\377\000R\000e\000f\000e\000r\000e\000n\000c\000i\000a\000s\000\040\000B\000i\000b\000l\000i\000o\000g\000r\000\341\000f\000i\000c\000a\000s}{}% 139
